// Jest Snapshot v1, https://goo.gl/fbAQLP

exports[`<ItemDetails /> should render list item 1`] = `ShallowWrapper {}`;
